kotlin version: 2.3.20
error message: org.jetbrains.kotlin.backend.common.CompilationException: Back-end: Please report this problem https://kotl.in/issue
D:/Optik/app/src/main/java/com/example/optik/BasicActivity.kt:-1:-1
Details: Internal error in file lowering: java.lang.AssertionError: Error occurred while optimizing an expression:
GET_FIELD 'FIELD IR_EXTERNAL_JAVA_DECLARATION_STUB name:overlayView type:@[EnhancedNullability] com.example.optik.view.OverlayView visibility:public [final] declared in com.example.optik.databinding.ActivityBasicBinding' type=@[EnhancedNullability] com.example.optik.view.OverlayView superQualifierSymbol=com.example.optik.databinding.ActivityBasicBinding origin=null
  receiver: CALL 'private final fun <get-binding> (): com.example.optik.databinding.ActivityBasicBinding declared in com.example.optik.BasicActivity' type=com.example.optik.databinding.ActivityBasicBinding origin=GET_PROPERTY
    ARG <this>: GET_VAR '<this>: com.example.optik.BasicActivity declared in com.example.optik.BasicActivity.onCreate' type=com.example.optik.BasicActivity origin=IMPLICIT_ARGUMENT

	at org.jetbrains.kotlin.ir.interpreter.transformer.IrConstEvaluationContext.canBeInterpreted(IrConstEvaluationContext.kt:70)
	at org.jetbrains.kotlin.ir.interpreter.transformer.IrConstExpressionTransformer.visitGetField(IrConstExpressionTransformer.kt:60)
	at org.jetbrains.kotlin.ir.interpreter.transformer.IrConstExpressionTransformer.visitGetField(IrConstExpressionTransformer.kt:24)
	at org.jetbrains.kotlin.ir.expressions.IrGetField.accept(IrGetField.kt:19)
	at org.jetbrains.kotlin.ir.expressions.IrExpression.transform(IrExpression.kt:23)
	at org.jetbrains.kotlin.ir.expressions.IrTypeOperatorCall.transformChildren(IrTypeOperatorCall.kt:33)
	at org.jetbrains.kotlin.ir.visitors.IrTransformer.visitExpression(IrTransformer.kt:95)
	at org.jetbrains.kotlin.ir.visitors.IrTransformer.visitTypeOperator(IrTransformer.kt:280)
	at org.jetbrains.kotlin.ir.visitors.IrTransformer.visitTypeOperator(IrTransformer.kt:19)
	at org.jetbrains.kotlin.ir.expressions.IrTypeOperatorCall.accept(IrTypeOperatorCall.kt:26)
	at org.jetbrains.kotlin.ir.expressions.IrExpression.transform(IrExpression.kt:23)
	at org.jetbrains.kotlin.ir.expressions.IrExpression.transform(IrExpression.kt:19)
	at org.jetbrains.kotlin.ir.util.TransformKt.transformInPlaceNullable(transform.kt:46)
	at org.jetbrains.kotlin.ir.expressions.IrMemberAccessExpression.transformChildren(IrMemberAccessExpression.kt:520)
	at org.jetbrains.kotlin.ir.visitors.IrTransformer.visitExpression(IrTransformer.kt:95)
	at org.jetbrains.kotlin.ir.visitors.IrTransformer.visitDeclarationReference(IrTransformer.kt:111)
	at org.jetbrains.kotlin.ir.visitors.IrTransformer.visitMemberAccess(IrTransformer.kt:114)
	at org.jetbrains.kotlin.ir.visitors.IrTransformer.visitFunctionAccess(IrTransformer.kt:117)
	at org.jetbrains.kotlin.ir.visitors.IrTransformer.visitCall(IrTransformer.kt:165)
	at org.jetbrains.kotlin.ir.interpreter.transformer.IrConstExpressionTransformer.visitCall(IrConstExpressionTransformer.kt:44)
	at org.jetbrains.kotlin.ir.interpreter.transformer.IrConstExpressionTransformer.visitCall(IrConstExpressionTransformer.kt:24)
	at org.jetbrains.kotlin.ir.expressions.IrCall.accept(IrCall.kt:24)
	at org.jetbrains.kotlin.ir.expressions.IrExpression.transform(IrExpression.kt:23)
	at org.jetbrains.kotlin.ir.expressions.IrExpression.transform(IrExpression.kt:19)
	at org.jetbrains.kotlin.ir.util.TransformKt.transformInPlaceNullable(transform.kt:46)
	at org.jetbrains.kotlin.ir.expressions.IrMemberAccessExpression.transformChildren(IrMemberAccessExpression.kt:520)
	at org.jetbrains.kotlin.ir.visitors.IrTransformer.visitExpression(IrTransformer.kt:95)
	at org.jetbrains.kotlin.ir.visitors.IrTransformer.visitDeclarationReference(IrTransformer.kt:111)
	at org.jetbrains.kotlin.ir.visitors.IrTransformer.visitMemberAccess(IrTransformer.kt:114)
	at org.jetbrains.kotlin.ir.visitors.IrTransformer.visitFunctionAccess(IrTransformer.kt:117)
	at org.jetbrains.kotlin.ir.visitors.IrTransformer.visitCall(IrTransformer.kt:165)
	at org.jetbrains.kotlin.ir.interpreter.transformer.IrConstExpressionTransformer.visitCall(IrConstExpressionTransformer.kt:44)
	at org.jetbrains.kotlin.ir.interpreter.transformer.IrConstExpressionTransformer.visitCall(IrConstExpressionTransformer.kt:24)
	at org.jetbrains.kotlin.ir.expressions.IrCall.accept(IrCall.kt:24)
	at org.jetbrains.kotlin.ir.expressions.IrExpression.transform(IrExpression.kt:23)
	at org.jetbrains.kotlin.ir.declarations.IrVariable.transformChildren(IrVariable.kt:43)
	at org.jetbrains.kotlin.ir.visitors.IrTransformer.visitDeclaration(IrTransformer.kt:27)
	at org.jetbrains.kotlin.ir.visitors.IrTransformer.visitVariable(IrTransformer.kt:79)
	at org.jetbrains.kotlin.ir.visitors.IrTransformer.visitVariable(IrTransformer.kt:19)
	at org.jetbrains.kotlin.ir.declarations.IrVariable.accept(IrVariable.kt:36)
	at org.jetbrains.kotlin.ir.IrElementBase.transform(IrElementBase.kt:33)
	at org.jetbrains.kotlin.ir.util.TransformKt.transformInPlace(transform.kt:35)
	at org.jetbrains.kotlin.ir.expressions.IrBlockBody.transformChildren(IrBlockBody.kt:27)
	at org.jetbrains.kotlin.ir.visitors.IrTransformer.visitBody(IrTransformer.kt:100)
	at org.jetbrains.kotlin.ir.visitors.IrTransformer.visitBlockBody(IrTransformer.kt:108)
	at org.jetbrains.kotlin.ir.visitors.IrTransformer.visitBlockBody(IrTransformer.kt:19)
	at org.jetbrains.kotlin.ir.expressions.IrBlockBody.accept(IrBlockBody.kt:20)
	at org.jetbrains.kotlin.ir.expressions.IrBody.transform(IrBody.kt:20)
	at org.jetbrains.kotlin.ir.declarations.IrFunction.transformChildren(IrFunction.kt:293)
	at org.jetbrains.kotlin.ir.visitors.IrTransformer.visitDeclaration(IrTransformer.kt:27)
	at org.jetbrains.kotlin.ir.visitors.IrTransformer.visitFunction(IrTransformer.kt:44)
	at org.jetbrains.kotlin.ir.interpreter.transformer.IrConstExpressionTransformer.visitFunction(IrConstExpressionTransformer.kt:37)
	at org.jetbrains.kotlin.ir.interpreter.transformer.IrConstExpressionTransformer.visitFunction(IrConstExpressionTransformer.kt:24)
	at org.jetbrains.kotlin.ir.visitors.IrTransformer.visitSimpleFunction(IrTransformer.kt:73)
	at org.jetbrains.kotlin.ir.visitors.IrTransformer.visitSimpleFunction(IrTransformer.kt:19)
	at org.jetbrains.kotlin.ir.declarations.IrSimpleFunction.accept(IrSimpleFunction.kt:39)
	at org.jetbrains.kotlin.ir.IrElementBase.transform(IrElementBase.kt:33)
	at org.jetbrains.kotlin.ir.expressions.IrFunctionExpression.transformChildren(IrFunctionExpression.kt:31)
	at org.jetbrains.kotlin.ir.visitors.IrTransformer.visitExpression(IrTransformer.kt:95)
	at org.jetbrains.kotlin.ir.visitors.IrTransformer.visitFunctionExpression(IrTransformer.kt:239)
	at org.jetbrains.kotlin.ir.visitors.IrTransformer.visitFunctionExpression(IrTransformer.kt:19)
	at org.jetbrains.kotlin.ir.expressions.IrFunctionExpression.accept(IrFunctionExpression.kt:24)
	at org.jetbrains.kotlin.ir.expressions.IrExpression.transform(IrExpression.kt:23)
	at org.jetbrains.kotlin.ir.expressions.IrTypeOperatorCall.transformChildren(IrTypeOperatorCall.kt:33)
	at org.jetbrains.kotlin.ir.visitors.IrTransformer.visitExpression(IrTransformer.kt:95)
	at org.jetbrains.kotlin.ir.visitors.IrTransformer.visitTypeOperator(IrTransformer.kt:280)
	at org.jetbrains.kotlin.ir.visitors.IrTransformer.visitTypeOperator(IrTransformer.kt:19)
	at org.jetbrains.kotlin.ir.expressions.IrTypeOperatorCall.accept(IrTypeOperatorCall.kt:26)
	at org.jetbrains.kotlin.ir.expressions.IrExpression.transform(IrExpression.kt:23)
	at org.jetbrains.kotlin.ir.expressions.IrExpression.transform(IrExpression.kt:19)
	at org.jetbrains.kotlin.ir.util.TransformKt.transformInPlaceNullable(transform.kt:46)
	at org.jetbrains.kotlin.ir.expressions.IrMemberAccessExpression.transformChildren(IrMemberAccessExpression.kt:520)
	at org.jetbrains.kotlin.ir.visitors.IrTransformer.visitExpression(IrTransformer.kt:95)
	at org.jetbrains.kotlin.ir.visitors.IrTransformer.visitDeclarationReference(IrTransformer.kt:111)
	at org.jetbrains.kotlin.ir.visitors.IrTransformer.visitMemberAccess(IrTransformer.kt:114)
	at org.jetbrains.kotlin.ir.visitors.IrTransformer.visitFunctionAccess(IrTransformer.kt:117)
	at org.jetbrains.kotlin.ir.visitors.IrTransformer.visitCall(IrTransformer.kt:165)
	at org.jetbrains.kotlin.ir.interpreter.transformer.IrConstExpressionTransformer.visitCall(IrConstExpressionTransformer.kt:44)
	at org.jetbrains.kotlin.ir.interpreter.transformer.IrConstExpressionTransformer.visitCall(IrConstExpressionTransformer.kt:24)
	at org.jetbrains.kotlin.ir.expressions.IrCall.accept(IrCall.kt:24)
	at org.jetbrains.kotlin.ir.expressions.IrExpression.transform(IrExpression.kt:23)
	at org.jetbrains.kotlin.ir.expressions.IrExpression.transform(IrExpression.kt:19)
	at org.jetbrains.kotlin.ir.util.TransformKt.transformInPlace(transform.kt:35)
	at org.jetbrains.kotlin.ir.expressions.IrBlockBody.transformChildren(IrBlockBody.kt:27)
	at org.jetbrains.kotlin.ir.visitors.IrTransformer.visitBody(IrTransformer.kt:100)
	at org.jetbrains.kotlin.ir.visitors.IrTransformer.visitBlockBody(IrTransformer.kt:108)
	at org.jetbrains.kotlin.ir.visitors.IrTransformer.visitBlockBody(IrTransformer.kt:19)
	at org.jetbrains.kotlin.ir.expressions.IrBlockBody.accept(IrBlockBody.kt:20)
	at org.jetbrains.kotlin.ir.expressions.IrBody.transform(IrBody.kt:20)
	at org.jetbrains.kotlin.ir.declarations.IrFunction.transformChildren(IrFunction.kt:293)
	at org.jetbrains.kotlin.ir.visitors.IrTransformer.visitDeclaration(IrTransformer.kt:27)
	at org.jetbrains.kotlin.ir.visitors.IrTransformer.visitFunction(IrTransformer.kt:44)
	at org.jetbrains.kotlin.ir.interpreter.transformer.IrConstExpressionTransformer.visitFunction(IrConstExpressionTransformer.kt:37)
	at org.jetbrains.kotlin.ir.interpreter.transformer.IrConstExpressionTransformer.visitFunction(IrConstExpressionTransformer.kt:24)
	at org.jetbrains.kotlin.ir.visitors.IrTransformer.visitSimpleFunction(IrTransformer.kt:73)
	at org.jetbrains.kotlin.ir.visitors.IrTransformer.visitSimpleFunction(IrTransformer.kt:19)
	at org.jetbrains.kotlin.ir.declarations.IrSimpleFunction.accept(IrSimpleFunction.kt:39)
	at org.jetbrains.kotlin.ir.IrElementBase.transform(IrElementBase.kt:33)
	at org.jetbrains.kotlin.ir.expressions.IrFunctionExpression.transformChildren(IrFunctionExpression.kt:31)
	at org.jetbrains.kotlin.ir.visitors.IrTransformer.visitExpression(IrTransformer.kt:95)
	at org.jetbrains.kotlin.ir.visitors.IrTransformer.visitFunctionExpression(IrTransformer.kt:239)
	at org.jetbrains.kotlin.ir.visitors.IrTransformer.visitFunctionExpression(IrTransformer.kt:19)
	at org.jetbrains.kotlin.ir.expressions.IrFunctionExpression.accept(IrFunctionExpression.kt:24)
	at org.jetbrains.kotlin.ir.expressions.IrExpression.transform(IrExpression.kt:23)
	at org.jetbrains.kotlin.ir.expressions.IrExpression.transform(IrExpression.kt:19)
	at org.jetbrains.kotlin.ir.util.TransformKt.transformInPlaceNullable(transform.kt:46)
	at org.jetbrains.kotlin.ir.expressions.IrMemberAccessExpression.transformChildren(IrMemberAccessExpression.kt:520)
	at org.jetbrains.kotlin.ir.visitors.IrTransformer.visitExpression(IrTransformer.kt:95)
	at org.jetbrains.kotlin.ir.visitors.IrTransformer.visitDeclarationReference(IrTransformer.kt:111)
	at org.jetbrains.kotlin.ir.visitors.IrTransformer.visitMemberAccess(IrTransformer.kt:114)
	at org.jetbrains.kotlin.ir.visitors.IrTransformer.visitFunctionAccess(IrTransformer.kt:117)
	at org.jetbrains.kotlin.ir.visitors.IrTransformer.visitConstructorCall(IrTransformer.kt:120)
	at org.jetbrains.kotlin.ir.visitors.IrTransformer.visitConstructorCall(IrTransformer.kt:19)
	at org.jetbrains.kotlin.ir.expressions.IrConstructorCall.accept(IrConstructorCall.kt:27)
	at org.jetbrains.kotlin.ir.expressions.IrExpression.transform(IrExpression.kt:23)
	at org.jetbrains.kotlin.ir.expressions.IrExpression.transform(IrExpression.kt:19)
	at org.jetbrains.kotlin.ir.util.TransformKt.transformInPlaceNullable(transform.kt:46)
	at org.jetbrains.kotlin.ir.expressions.IrMemberAccessExpression.transformChildren(IrMemberAccessExpression.kt:520)
	at org.jetbrains.kotlin.ir.visitors.IrTransformer.visitExpression(IrTransformer.kt:95)
	at org.jetbrains.kotlin.ir.visitors.IrTransformer.visitDeclarationReference(IrTransformer.kt:111)
	at org.jetbrains.kotlin.ir.visitors.IrTransformer.visitMemberAccess(IrTransformer.kt:114)
	at org.jetbrains.kotlin.ir.visitors.IrTransformer.visitFunctionAccess(IrTransformer.kt:117)
	at org.jetbrains.kotlin.ir.visitors.IrTransformer.visitCall(IrTransformer.kt:165)
	at org.jetbrains.kotlin.ir.interpreter.transformer.IrConstExpressionTransformer.visitCall(IrConstExpressionTransformer.kt:44)
	at org.jetbrains.kotlin.ir.interpreter.transformer.IrConstExpressionTransformer.visitCall(IrConstExpressionTransformer.kt:24)
	at org.jetbrains.kotlin.ir.expressions.IrCall.accept(IrCall.kt:24)
	at org.jetbrains.kotlin.ir.expressions.IrExpression.transform(IrExpression.kt:23)
	at org.jetbrains.kotlin.ir.expressions.IrExpression.transform(IrExpression.kt:19)
	at org.jetbrains.kotlin.ir.util.TransformKt.transformInPlace(transform.kt:35)
	at org.jetbrains.kotlin.ir.expressions.IrBlockBody.transformChildren(IrBlockBody.kt:27)
	at org.jetbrains.kotlin.ir.visitors.IrTransformer.visitBody(IrTransformer.kt:100)
	at org.jetbrains.kotlin.ir.visitors.IrTransformer.visitBlockBody(IrTransformer.kt:108)
	at org.jetbrains.kotlin.ir.visitors.IrTransformer.visitBlockBody(IrTransformer.kt:19)
	at org.jetbrains.kotlin.ir.expressions.IrBlockBody.accept(IrBlockBody.kt:20)
	at org.jetbrains.kotlin.ir.expressions.IrBody.transform(IrBody.kt:20)
	at org.jetbrains.kotlin.ir.declarations.IrFunction.transformChildren(IrFunction.kt:293)
	at org.jetbrains.kotlin.ir.visitors.IrTransformer.visitDeclaration(IrTransformer.kt:27)
	at org.jetbrains.kotlin.ir.visitors.IrTransformer.visitFunction(IrTransformer.kt:44)
	at org.jetbrains.kotlin.ir.interpreter.transformer.IrConstExpressionTransformer.visitFunction(IrConstExpressionTransformer.kt:37)
	at org.jetbrains.kotlin.ir.interpreter.transformer.IrConstExpressionTransformer.visitFunction(IrConstExpressionTransformer.kt:24)
	at org.jetbrains.kotlin.ir.visitors.IrTransformer.visitSimpleFunction(IrTransformer.kt:73)
	at org.jetbrains.kotlin.ir.visitors.IrTransformer.visitSimpleFunction(IrTransformer.kt:19)
	at org.jetbrains.kotlin.ir.declarations.IrSimpleFunction.accept(IrSimpleFunction.kt:39)
	at org.jetbrains.kotlin.ir.IrElementBase.transform(IrElementBase.kt:33)
	at org.jetbrains.kotlin.ir.util.TransformKt.transformInPlace(transform.kt:35)
	at org.jetbrains.kotlin.ir.declarations.IrClass.transformChildren(IrClass.kt:82)
	at org.jetbrains.kotlin.ir.visitors.IrTransformer.visitDeclaration(IrTransformer.kt:27)
	at org.jetbrains.kotlin.ir.visitors.IrTransformer.visitClass(IrTransformer.kt:35)
	at org.jetbrains.kotlin.ir.visitors.IrTransformer.visitClass(IrTransformer.kt:19)
	at org.jetbrains.kotlin.ir.declarations.IrClass.accept(IrClass.kt:72)
	at org.jetbrains.kotlin.ir.IrElementBase.transform(IrElementBase.kt:33)
	at org.jetbrains.kotlin.ir.util.TransformKt.transformInPlace(transform.kt:35)
	at org.jetbrains.kotlin.ir.declarations.IrPackageFragment.transformChildren(IrPackageFragment.kt:31)
	at org.jetbrains.kotlin.ir.visitors.IrTransformer.visitFile(IrTransformer.kt:90)
	at org.jetbrains.kotlin.ir.visitors.IrTransformer.visitFile(IrTransformer.kt:19)
	at org.jetbrains.kotlin.ir.declarations.IrFile.accept(IrFile.kt:27)
	at org.jetbrains.kotlin.ir.declarations.IrFile.transform(IrFile.kt:30)
	at org.jetbrains.kotlin.ir.interpreter.transformer.IrConstTransformerKt.runConstOptimizations(IrConstTransformer.kt:77)
	at org.jetbrains.kotlin.backend.common.lower.ConstEvaluationLowering.lower(ConstEvaluationLowering.kt:34)
	at org.jetbrains.kotlin.backend.common.FileLoweringPass.lower(Lower.kt:42)
	at org.jetbrains.kotlin.backend.common.phaser.ModuleLoweringPhase.phaseBody(PhaseFactories.kt:67)
	at org.jetbrains.kotlin.backend.common.phaser.ModuleLoweringPhase.phaseBody(PhaseFactories.kt:62)
	at org.jetbrains.kotlin.config.phaser.NamedCompilerPhase.invoke(CompilerPhase.kt:102)
	at org.jetbrains.kotlin.backend.common.phaser.PhaseEngine.runPhase(PhaseEngine.kt:64)
	at org.jetbrains.kotlin.backend.common.phaser.PhaseEngine.runPhase$default(PhaseEngine.kt:56)
	at org.jetbrains.kotlin.backend.jvm.JvmIrCodegenFactory.invokeLowerings(JvmIrCodegenFactory.kt:367)
	at org.jetbrains.kotlin.cli.jvm.compiler.KotlinToJVMBytecodeCompiler.runLowerings$cli(KotlinToJVMBytecodeCompiler.kt:395)
	at org.jetbrains.kotlin.cli.pipeline.jvm.JvmBackendPipelinePhase.executePhase(JvmBackendPipelinePhase.kt:79)
	at org.jetbrains.kotlin.cli.pipeline.jvm.JvmBackendPipelinePhase.executePhase(JvmBackendPipelinePhase.kt:27)
	at org.jetbrains.kotlin.cli.pipeline.PipelinePhase.phaseBody(PipelinePhase.kt:68)
	at org.jetbrains.kotlin.cli.pipeline.PipelinePhase.phaseBody(PipelinePhase.kt:58)
	at org.jetbrains.kotlin.config.phaser.NamedCompilerPhase.invoke(CompilerPhase.kt:102)
	at org.jetbrains.kotlin.backend.common.phaser.CompositePhase.invoke(PhaseBuilders.kt:22)
	at org.jetbrains.kotlin.config.phaser.CompilerPhaseKt.invokeToplevel(CompilerPhase.kt:53)
	at org.jetbrains.kotlin.cli.pipeline.AbstractCliPipeline.runPhasedPipeline(AbstractCliPipeline.kt:109)
	at org.jetbrains.kotlin.cli.pipeline.AbstractCliPipeline.execute(AbstractCliPipeline.kt:68)
	at org.jetbrains.kotlin.cli.jvm.K2JVMCompiler.doExecutePhased(K2JVMCompiler.kt:51)
	at org.jetbrains.kotlin.cli.jvm.K2JVMCompiler.doExecutePhased(K2JVMCompiler.kt:42)
	at org.jetbrains.kotlin.cli.common.CLICompiler.execImpl(CLICompiler.kt:91)
	at org.jetbrains.kotlin.cli.common.CLICompiler.exec(CLICompiler.kt:363)
	at org.jetbrains.kotlin.incremental.IncrementalJvmCompilerRunnerBase.runCompiler(IncrementalJvmCompilerRunnerBase.kt:210)
	at org.jetbrains.kotlin.incremental.IncrementalJvmCompilerRunnerBase.runCompiler(IncrementalJvmCompilerRunnerBase.kt:52)
	at org.jetbrains.kotlin.incremental.IncrementalCompilerRunner.doCompile(IncrementalCompilerRunner.kt:510)
	at org.jetbrains.kotlin.incremental.IncrementalCompilerRunner.compileImpl(IncrementalCompilerRunner.kt:422)
	at org.jetbrains.kotlin.incremental.IncrementalCompilerRunner.tryCompileIncrementally$lambda$0$compile(IncrementalCompilerRunner.kt:252)
	at org.jetbrains.kotlin.incremental.IncrementalCompilerRunner.tryCompileIncrementally(IncrementalCompilerRunner.kt:270)
	at org.jetbrains.kotlin.incremental.IncrementalCompilerRunner.compile(IncrementalCompilerRunner.kt:122)
	at org.jetbrains.kotlin.daemon.CompileServiceImplBase.execIncrementalCompiler(CompileServiceImpl.kt:764)
	at org.jetbrains.kotlin.daemon.CompileServiceImplBase.access$execIncrementalCompiler(CompileServiceImpl.kt:107)
	at org.jetbrains.kotlin.daemon.CompileServiceImpl.compile(CompileServiceImpl.kt:2026)
	at java.base/jdk.internal.reflect.DirectMethodHandleAccessor.invoke(DirectMethodHandleAccessor.java:103)
	at java.base/java.lang.reflect.Method.invoke(Method.java:580)
	at java.rmi/sun.rmi.server.UnicastServerRef.dispatch(UnicastServerRef.java:360)
	at java.rmi/sun.rmi.transport.Transport$1.run(Transport.java:200)
	at java.rmi/sun.rmi.transport.Transport$1.run(Transport.java:197)
	at java.base/java.security.AccessController.doPrivileged(AccessController.java:714)
	at java.rmi/sun.rmi.transport.Transport.serviceCall(Transport.java:196)
	at java.rmi/sun.rmi.transport.tcp.TCPTransport.handleMessages(TCPTransport.java:598)
	at java.rmi/sun.rmi.transport.tcp.TCPTransport$ConnectionHandler.run0(TCPTransport.java:844)
	at java.rmi/sun.rmi.transport.tcp.TCPTransport$ConnectionHandler.lambda$run$0(TCPTransport.java:721)
	at java.base/java.security.AccessController.doPrivileged(AccessController.java:400)
	at java.rmi/sun.rmi.transport.tcp.TCPTransport$ConnectionHandler.run(TCPTransport.java:720)
	at java.base/java.util.concurrent.ThreadPoolExecutor.runWorker(ThreadPoolExecutor.java:1144)
	at java.base/java.util.concurrent.ThreadPoolExecutor$Worker.run(ThreadPoolExecutor.java:642)
	at java.base/java.lang.Thread.run(Thread.java:1583)
Caused by: java.lang.AssertionError: Error occurred while optimizing an expression:
GET_FIELD 'FIELD IR_EXTERNAL_JAVA_DECLARATION_STUB name:overlayView type:@[EnhancedNullability] com.example.optik.view.OverlayView visibility:public [final] declared in com.example.optik.databinding.ActivityBasicBinding' type=@[EnhancedNullability] com.example.optik.view.OverlayView superQualifierSymbol=com.example.optik.databinding.ActivityBasicBinding origin=null
  receiver: CALL 'private final fun <get-binding> (): com.example.optik.databinding.ActivityBasicBinding declared in com.example.optik.BasicActivity' type=com.example.optik.databinding.ActivityBasicBinding origin=GET_PROPERTY
    ARG <this>: GET_VAR '<this>: com.example.optik.BasicActivity declared in com.example.optik.BasicActivity.onCreate' type=com.example.optik.BasicActivity origin=IMPLICIT_ARGUMENT

	... 205 more
Caused by: java.lang.RuntimeException: java.io.FileNotFoundException: D:\Optik\app\build\intermediates\built_in_kotlinc\debug\compileDebugKotlin\classes\com\example\optik\view\CaptureProgressView.class (The system cannot find the path specified)
	at org.jetbrains.kotlin.com.intellij.psi.stubs.CoreStubTreeLoader.build(CoreStubTreeLoader.java:40)
	at org.jetbrains.kotlin.com.intellij.psi.stubs.CoreStubTreeLoader.readOrBuild(CoreStubTreeLoader.java:25)
	at org.jetbrains.kotlin.com.intellij.psi.impl.compiled.ClsFileImpl.getStubTree(ClsFileImpl.java:490)
	at org.jetbrains.kotlin.com.intellij.psi.impl.compiled.ClsFileImpl.getStub(ClsFileImpl.java:459)
	at org.jetbrains.kotlin.com.intellij.psi.impl.compiled.ClsFileImpl.getClasses(ClsFileImpl.java:138)
	at org.jetbrains.kotlin.cli.jvm.compiler.KotlinCliJavaFileManagerImpl$Companion.findClassInPsiFile(KotlinCliJavaFileManagerImpl.kt:323)
	at org.jetbrains.kotlin.cli.jvm.compiler.KotlinCliJavaFileManagerImpl$Companion.access$findClassInPsiFile(KotlinCliJavaFileManagerImpl.kt:319)
	at org.jetbrains.kotlin.cli.jvm.compiler.KotlinCliJavaFileManagerImpl.findPsiClassInVirtualFile(KotlinCliJavaFileManagerImpl.kt:289)
	at org.jetbrains.kotlin.cli.jvm.compiler.KotlinCliJavaFileManagerImpl.findPsiClass$lambda$0(KotlinCliJavaFileManagerImpl.kt:90)
	at org.jetbrains.kotlin.util.PerformanceManager.measureSideTime$compiler_common(PerformanceManager.kt:331)
	at org.jetbrains.kotlin.util.PerformanceManagerKt.tryMeasureSideTime(PerformanceManager.kt:449)
	at org.jetbrains.kotlin.cli.jvm.compiler.KotlinCliJavaFileManagerImpl.findPsiClass(KotlinCliJavaFileManagerImpl.kt:89)
	at org.jetbrains.kotlin.cli.jvm.compiler.KotlinCliJavaFileManagerImpl.findClass(KotlinCliJavaFileManagerImpl.kt:181)
	at org.jetbrains.kotlin.com.intellij.psi.impl.PsiElementFinderImpl.findClass(PsiElementFinderImpl.java:42)
	at org.jetbrains.kotlin.com.intellij.psi.impl.JavaPsiFacadeImpl.doFindClass(JavaPsiFacadeImpl.java:110)
	at org.jetbrains.kotlin.com.intellij.psi.impl.JavaPsiFacadeImpl.findClass(JavaPsiFacadeImpl.java:88)
	at org.jetbrains.kotlin.com.intellij.psi.impl.source.PsiJavaCodeReferenceElementImpl.resolve(PsiJavaCodeReferenceElementImpl.java:436)
	at org.jetbrains.kotlin.com.intellij.psi.impl.source.PsiJavaCodeReferenceElementImpl.access$100(PsiJavaCodeReferenceElementImpl.java:44)
	at org.jetbrains.kotlin.com.intellij.psi.impl.source.PsiJavaCodeReferenceElementImpl$OurGenericsResolver.resolve(PsiJavaCodeReferenceElementImpl.java:373)
	at org.jetbrains.kotlin.com.intellij.psi.impl.source.PsiJavaCodeReferenceElementImpl$OurGenericsResolver.resolve(PsiJavaCodeReferenceElementImpl.java:366)
	at org.jetbrains.kotlin.com.intellij.psi.impl.source.resolve.ResolveCache.lambda$resolveWithCaching$2(ResolveCache.java:182)
	at org.jetbrains.kotlin.com.intellij.openapi.util.Computable.get(Computable.java:16)
	at org.jetbrains.kotlin.com.intellij.psi.impl.source.resolve.ResolveCache.lambda$loggingResolver$4(ResolveCache.java:242)
	at org.jetbrains.kotlin.com.intellij.openapi.util.RecursionManager$1.computePreventingRecursion(RecursionManager.java:113)
	at org.jetbrains.kotlin.com.intellij.openapi.util.RecursionGuard.doPreventingRecursion(RecursionGuard.java:28)
	at org.jetbrains.kotlin.com.intellij.openapi.util.RecursionManager.doPreventingRecursion(RecursionManager.java:68)
	at org.jetbrains.kotlin.com.intellij.psi.impl.source.resolve.ResolveCache.resolve(ResolveCache.java:220)
	at org.jetbrains.kotlin.com.intellij.psi.impl.source.resolve.ResolveCache.resolveWithCaching(ResolveCache.java:182)
	at org.jetbrains.kotlin.com.intellij.psi.impl.PsiImplUtil.multiResolveImpl(PsiImplUtil.java:835)
	at org.jetbrains.kotlin.com.intellij.psi.impl.PsiImplUtil.multiResolveImpl(PsiImplUtil.java:827)
	at org.jetbrains.kotlin.com.intellij.psi.impl.PsiImplUtil.multiResolveImpl(PsiImplUtil.java:803)
	at org.jetbrains.kotlin.com.intellij.psi.impl.source.PsiJavaCodeReferenceElementImpl.multiResolve(PsiJavaCodeReferenceElementImpl.java:420)
	at org.jetbrains.kotlin.com.intellij.psi.impl.source.PsiJavaCodeReferenceElementImpl.advancedResolve(PsiJavaCodeReferenceElementImpl.java:414)
	at org.jetbrains.kotlin.com.intellij.psi.impl.source.PsiJavaCodeReferenceElementImpl.resolve(PsiJavaCodeReferenceElementImpl.java:351)
	at org.jetbrains.kotlin.com.intellij.psi.impl.source.PsiImportStatementBaseImpl.resolve(PsiImportStatementBaseImpl.java:49)
	at org.jetbrains.kotlin.com.intellij.psi.impl.source.PsiJavaFileBaseImpl.findExplicitDeclarations(PsiJavaFileBaseImpl.java:369)
	at org.jetbrains.kotlin.com.intellij.psi.impl.source.PsiJavaFileBaseImpl.lambda$findEnumeratedDeclarations$8(PsiJavaFileBaseImpl.java:354)
	at org.jetbrains.kotlin.com.intellij.openapi.util.NotNullLazyValue$4.compute(NotNullLazyValue.java:118)
	at org.jetbrains.kotlin.com.intellij.openapi.util.NotNullLazyValue$4.getValue(NotNullLazyValue.java:103)
	at org.jetbrains.kotlin.com.intellij.psi.impl.source.PsiJavaFileBaseImpl.lambda$findEnumeratedDeclarations$9(PsiJavaFileBaseImpl.java:355)
	at org.jetbrains.kotlin.com.intellij.util.containers.ContainerUtil.process(ContainerUtil.java:824)
	at org.jetbrains.kotlin.com.intellij.psi.impl.source.PsiJavaFileBaseImpl.processDeclarations(PsiJavaFileBaseImpl.java:305)
	at org.jetbrains.kotlin.com.intellij.psi.scope.util.PsiScopesUtil.treeWalkUp(PsiScopesUtil.java:63)
	at org.jetbrains.kotlin.com.intellij.psi.scope.util.PsiScopesUtil.treeWalkUp(PsiScopesUtil.java:42)
	at org.jetbrains.kotlin.com.intellij.psi.scope.util.PsiScopesUtil.resolveAndWalk(PsiScopesUtil.java:209)
	at org.jetbrains.kotlin.com.intellij.psi.scope.util.PsiScopesUtil.resolveAndWalk(PsiScopesUtil.java:138)
	at org.jetbrains.kotlin.com.intellij.psi.impl.source.PsiJavaCodeReferenceElementImpl.resolve(PsiJavaCodeReferenceElementImpl.java:485)
	at org.jetbrains.kotlin.com.intellij.psi.impl.source.PsiJavaCodeReferenceElementImpl.access$100(PsiJavaCodeReferenceElementImpl.java:44)
	at org.jetbrains.kotlin.com.intellij.psi.impl.source.PsiJavaCodeReferenceElementImpl$OurGenericsResolver.resolve(PsiJavaCodeReferenceElementImpl.java:373)
	at org.jetbrains.kotlin.com.intellij.psi.impl.source.PsiJavaCodeReferenceElementImpl$OurGenericsResolver.resolve(PsiJavaCodeReferenceElementImpl.java:366)
	at org.jetbrains.kotlin.com.intellij.psi.impl.source.resolve.ResolveCache.lambda$resolveWithCaching$2(ResolveCache.java:182)
	at org.jetbrains.kotlin.com.intellij.openapi.util.Computable.get(Computable.java:16)
	at org.jetbrains.kotlin.com.intellij.psi.impl.source.resolve.ResolveCache.lambda$loggingResolver$4(ResolveCache.java:242)
	at org.jetbrains.kotlin.com.intellij.openapi.util.RecursionManager$1.computePreventingRecursion(RecursionManager.java:113)
	at org.jetbrains.kotlin.com.intellij.openapi.util.RecursionGuard.doPreventingRecursion(RecursionGuard.java:28)
	at org.jetbrains.kotlin.com.intellij.openapi.util.RecursionManager.doPreventingRecursion(RecursionManager.java:68)
	at org.jetbrains.kotlin.com.intellij.psi.impl.source.resolve.ResolveCache.resolve(ResolveCache.java:220)
	at org.jetbrains.kotlin.com.intellij.psi.impl.source.resolve.ResolveCache.resolveWithCaching(ResolveCache.java:182)
	at org.jetbrains.kotlin.com.intellij.psi.impl.PsiImplUtil.multiResolveImpl(PsiImplUtil.java:835)
	at org.jetbrains.kotlin.com.intellij.psi.impl.PsiImplUtil.multiResolveImpl(PsiImplUtil.java:827)
	at org.jetbrains.kotlin.com.intellij.psi.impl.PsiImplUtil.multiResolveImpl(PsiImplUtil.java:803)
	at org.jetbrains.kotlin.com.intellij.psi.impl.source.PsiJavaCodeReferenceElementImpl.multiResolve(PsiJavaCodeReferenceElementImpl.java:420)
	at org.jetbrains.kotlin.com.intellij.psi.impl.source.PsiJavaCodeReferenceElementImpl.advancedResolve(PsiJavaCodeReferenceElementImpl.java:414)
	at org.jetbrains.kotlin.com.intellij.psi.impl.source.PsiClassReferenceType.resolveGenerics(PsiClassReferenceType.java:183)
	at org.jetbrains.kotlin.load.java.structure.impl.JavaClassifierTypeImpl.computeResolveResult(JavaClassifierTypeImpl.kt:114)
	at org.jetbrains.kotlin.load.java.structure.impl.JavaClassifierTypeImpl.resolve(JavaClassifierTypeImpl.kt:101)
	at org.jetbrains.kotlin.load.java.structure.impl.JavaClassifierTypeImpl.getClassifier(JavaClassifierTypeImpl.kt:33)
	at org.jetbrains.kotlin.load.java.structure.impl.JavaClassifierTypeImpl.getClassifier(JavaClassifierTypeImpl.kt:25)
	at org.jetbrains.kotlin.fir.java.JavaTypeConversionKt.toConeKotlinTypeForFlexibleBound(JavaTypeConversion.kt:191)
	at org.jetbrains.kotlin.fir.java.JavaTypeConversionKt.toConeKotlinTypeForFlexibleBound$default(JavaTypeConversion.kt:183)
	at org.jetbrains.kotlin.fir.java.JavaTypeConversionKt.toConeTypeProjection(JavaTypeConversion.kt:116)
	at org.jetbrains.kotlin.fir.java.JavaTypeConversionKt.toConeKotlinType(JavaTypeConversion.kt:89)
	at org.jetbrains.kotlin.fir.java.JavaTypeConversionKt.toConeKotlinType$default(JavaTypeConversion.kt:84)
	at org.jetbrains.kotlin.fir.java.JavaTypeConversionKt.toFirResolvedTypeRef(JavaTypeConversion.kt:77)
	at org.jetbrains.kotlin.fir.java.JavaTypeConversionKt.resolveIfJavaType(JavaTypeConversion.kt:53)
	at org.jetbrains.kotlin.fir.java.JavaTypeConversionKt.toConeKotlinTypeProbablyFlexible(JavaTypeConversion.kt:62)
	at org.jetbrains.kotlin.fir.java.JavaTypeConversionKt.toConeKotlinTypeProbablyFlexible$default(JavaTypeConversion.kt:57)
	at org.jetbrains.kotlin.fir.java.enhancement.FirSignatureEnhancement.enhanceMethod$lambda$0(SignatureEnhancement.kt:304)
	at org.jetbrains.kotlin.fir.scopes.jvm.SignatureUtilsKt.computeJvmDescriptor(SignatureUtils.kt:50)
	at org.jetbrains.kotlin.fir.scopes.jvm.SignatureUtilsKt.computeJvmDescriptor$default(SignatureUtils.kt:33)
	at org.jetbrains.kotlin.fir.java.enhancement.FirSignatureEnhancement.enhanceMethod(SignatureEnhancement.kt:304)
	at org.jetbrains.kotlin.fir.java.enhancement.FirSignatureEnhancement.enhance$fir_jvm(SignatureEnhancement.kt:258)
	at org.jetbrains.kotlin.fir.java.enhancement.FirEnhancedSymbolsStorage$EnhancementSymbolsCache.enhancedFunctions$lambda$0(SignatureEnhancement.kt:1142)
	at org.jetbrains.kotlin.fir.caches.FirThreadUnsafeCache.getValue(FirThreadUnsafeCachesFactory.kt:53)
	at org.jetbrains.kotlin.fir.java.enhancement.FirSignatureEnhancement.enhancedFunctionImpl(SignatureEnhancement.kt:130)
	at org.jetbrains.kotlin.fir.java.enhancement.FirSignatureEnhancement.enhancedConstructor(SignatureEnhancement.kt:122)
	at org.jetbrains.kotlin.fir.java.scopes.JavaClassMembersEnhancementScope.processDeclaredConstructors$lambda$0(JavaClassMembersEnhancementScope.kt:59)
	at org.jetbrains.kotlin.fir.scopes.impl.FirClassDeclaredMemberScopeImpl.processDeclaredConstructors(FirClassDeclaredMemberScope.kt:128)
	at org.jetbrains.kotlin.fir.scopes.impl.AbstractFirUseSiteMemberScope.processDeclaredConstructors(AbstractFirUseSiteMemberScope.kt:285)
	at org.jetbrains.kotlin.fir.java.scopes.JavaClassMembersEnhancementScope.processDeclaredConstructors(JavaClassMembersEnhancementScope.kt:58)
	at org.jetbrains.kotlin.fir.scopes.FirDelegatingTypeScope.processDeclaredConstructors(FirDelegatingContainingNamesAwareScope.kt:93)
	at org.jetbrains.kotlin.fir.lazy.Fir2IrLazyClass.declarations_delegate$lambda$0(Fir2IrLazyClass.kt:157)
	at org.jetbrains.kotlin.ir.declarations.lazy.SynchronizedLazyVar.getValue(lazyUtil.kt:29)
	at org.jetbrains.kotlin.ir.declarations.lazy.SynchronizedLazyVar.getValue(lazyUtil.kt:40)
	at org.jetbrains.kotlin.fir.lazy.Fir2IrLazyClass.getDeclarations(Fir2IrLazyClass.kt:151)
	at org.jetbrains.kotlin.ir.interpreter.checker.IrInterpreterCommonChecker.getInnerDeclarations(IrInterpreterCommonChecker.kt:34)
	at org.jetbrains.kotlin.ir.interpreter.checker.IrInterpreterCommonChecker.access$getInnerDeclarations(IrInterpreterCommonChecker.kt:21)
	at org.jetbrains.kotlin.ir.interpreter.checker.IrInterpreterCommonChecker.visitGetField(IrInterpreterCommonChecker.kt:175)
	at org.jetbrains.kotlin.ir.interpreter.checker.IrInterpreterCommonChecker.visitGetField(IrInterpreterCommonChecker.kt:21)
	at org.jetbrains.kotlin.ir.expressions.IrGetField.accept(IrGetField.kt:19)
	at org.jetbrains.kotlin.ir.interpreter.transformer.IrConstEvaluationContext.canBeInterpreted(IrConstEvaluationContext.kt:64)
	... 204 more
Caused by: java.io.FileNotFoundException: D:\Optik\app\build\intermediates\built_in_kotlinc\debug\compileDebugKotlin\classes\com\example\optik\view\CaptureProgressView.class (The system cannot find the path specified)
	at java.base/java.io.FileInputStream.open0(Native Method)
	at java.base/java.io.FileInputStream.open(FileInputStream.java:213)
	at java.base/java.io.FileInputStream.<init>(FileInputStream.java:152)
	at org.jetbrains.kotlin.com.intellij.openapi.util.io.FileUtil.loadFileBytes(FileUtil.java:188)
	at org.jetbrains.kotlin.cli.common.localfs.KotlinLocalVirtualFile.contentsToByteArray(KotlinLocalVirtualFile.kt:108)
	at org.jetbrains.kotlin.com.intellij.openapi.vfs.VirtualFile.contentsToByteArray(VirtualFile.java:631)
	at org.jetbrains.kotlin.com.intellij.util.indexing.FileContentImpl.createByFile(FileContentImpl.java:124)
	at org.jetbrains.kotlin.com.intellij.psi.stubs.CoreStubTreeLoader.build(CoreStubTreeLoader.java:33)
	... 304 more


error message: Daemon compilation failed

